Error.java:9:22: compiler.err.premature.eof
1 error
